== M1 training queue (frozen 9C budgets) ==  [lane: awgn]
[ 1/18] SKIP M1_reconstruction_awgn_k1_seed42 (already complete)
[ 2/18] SKIP M1_reconstruction_awgn_k1_seed43 (already complete)
[ 3/18] SKIP M1_reconstruction_awgn_k1_seed44 (already complete)
[ 4/18] SKIP M1_task_awgn_k1_seed42 (already complete)
[ 5/18] SKIP M1_task_awgn_k1_seed43 (already complete)
[ 6/18] SKIP M1_task_awgn_k1_seed44 (already complete)
[ 7/18] SKIP M1_reconstruction_awgn_k2_seed42 (already complete)
[ 8/18] SKIP M1_reconstruction_awgn_k2_seed43 (already complete)
[ 9/18] SKIP M1_reconstruction_awgn_k2_seed44 (already complete)
[10/18] SKIP M1_task_awgn_k2_seed42 (already complete)
[11/18] SKIP M1_task_awgn_k2_seed43 (already complete)
[12/18] SKIP M1_task_awgn_k2_seed44 (already complete)
[13/18] SKIP M1_reconstruction_awgn_k3_seed42 (already complete)
[14/18] SKIP M1_reconstruction_awgn_k3_seed43 (already complete)
[15/18] SKIP M1_reconstruction_awgn_k3_seed44 (already complete)
[16/18] RETRAIN-after-INTERRUPTION M1_task_awgn_k3_seed42 (stale RUNNING marker; environmental; frozen 9C policy)
[16/18] TRAIN M1_task_awgn_k3_seed42 hash=053a77e62eb99465 steps=3000 batch=256xT100
[16/18] DONE  M1_task_awgn_k3_seed42  1538.5s  task_loss_final=911.9719
[17/18] TRAIN M1_task_awgn_k3_seed43 hash=f0374072604dbba9 steps=3000 batch=256xT100
[17/18] DONE  M1_task_awgn_k3_seed43  1601.7s  task_loss_final=4593.5791
[18/18] TRAIN M1_task_awgn_k3_seed44 hash=84e08f8629577ce4 steps=3000 batch=256xT100
[18/18] DONE  M1_task_awgn_k3_seed44  1514.1s  task_loss_final=1143.8589
-- training queue finished: trained=3 skipped=15 retrained=1 failed=0 train_wall=4654.3s
